<html>
<head>
    <title></title>
</head>
<body>
<div class="content">ARTICLE</div>
<div class="footer">[DEFAULT] Footer</div>
</body>
</html>
