<html>
<head>
    <title></title>
</head>
<body>
<div class="content">13</div>
<div class="footer">7</div>
</body>
</html>
