<html>
<head>
    <title></title>
</head>
<body>
<div class="content"></div>
<div class="footer"></div>
</body>
</html>
